// Jest Snapshot v1, https://goo.gl/fbAQLP

exports[`<TodoList /> #display 1`] = `"<li class=\\"list-group-item\\"><button class=\\"float-right btn btn-danger btn-sm\\" style=\\"margin-left: 10px;\\">eliminar</button><button class=\\"float-right btn btn-primary btn-sm\\" style=\\"margin-left: 10px;\\">incomplete</button></li><li class=\\"list-group-item\\"><button class=\\"float-right btn btn-danger btn-sm\\" style=\\"margin-left: 10px;\\">eliminar</button><button class=\\"float-right btn btn-primary btn-sm\\" style=\\"margin-left: 10px;\\">incomplete</button></li><li class=\\"list-group-item\\"><button class=\\"float-right btn btn-danger btn-sm\\" style=\\"margin-left: 10px;\\">eliminar</button><button class=\\"float-right btn btn-primary btn-sm\\" style=\\"margin-left: 10px;\\">incomplete</button></li>"`;
